 ⚠ Fast Refresh had to perform a full reload. Read more: https://nextjs.org/docs/messages/fast-refresh-reload
 ⚠ Fast Refresh had to perform a full reload. Read more: https://nextjs.org/docs/messages/fast-refresh-reload
 ⚠ Fast Refresh had to perform a full reload. Read more: https://nextjs.org/docs/messages/fast-refresh-reload
 ⚠ Fast Refresh had to perform a full reload. Read more: https://nextjs.org/docs/messages/fast-refresh-reload
 ⚠ Fast Refresh had to perform a full reload when MaterialScope\\node_modules\\lucide-react\\dist\\esm\\Icon.mjs","ids":["default"]}, MaterialScope\\node_modules\\next\\dist\\client\\link.js","ids":["*"]} changed. Read more: https://nextjs.org/docs/messages/fast-refresh-reload
 ⚠ Fast Refresh had to perform a full reload. Read more: https://nextjs.org/docs/messages/fast-refresh-reload
 ⨯ SyntaxError: Unexpected end of JSON input
    at JSON.parse (<anonymous>)
    at loadManifest (C:\Coding Projects\MaterialScope\node_modules\next\dist\server\load-manifest.js:36:25)
    at DevServer.getNextFontManifest (C:\Coding Projects\MaterialScope\node_modules\next\dist\server\next-server.js:750:47)
    at DevServer.findPageComponents (C:\Coding Projects\MaterialScope\node_modules\next\dist\server\dev\next-dev-server.js:571:43)
    at async DevServer.renderPageComponent (C:\Coding Projects\MaterialScope\node_modules\next\dist\server\base-server.js:1910:24)
    at async DevServer.renderToResponseImpl (C:\Coding Projects\MaterialScope\node_modules\next\dist\server\base-server.js:1962:32)
    at async DevServer.pipeImpl (C:\Coding Projects\MaterialScope\node_modules\next\dist\server\base-server.js:922:25)
    at async NextNodeServer.handleCatchallRenderRequest (C:\Coding Projects\MaterialScope\node_modules\next\dist\server\next-server.js:272:17)
    at async DevServer.handleRequestImpl (C:\Coding Projects\MaterialScope\node_modules\next\dist\server\base-server.js:818:17)
    at async C:\Coding Projects\MaterialScope\node_modules\next\dist\server\dev\next-dev-server.js:339:20
    at async Span.traceAsyncFn (C:\Coding Projects\MaterialScope\node_modules\next\dist\trace\trace.js:154:20)
    at async DevServer.handleRequest (C:\Coding Projects\MaterialScope\node_modules\next\dist\server\dev\next-dev-server.js:336:24)
    at async invokeRender (C:\Coding Projects\MaterialScope\node_modules\next\dist\server\lib\router-server.js:179:21)
    at async handleRequest (C:\Coding Projects\MaterialScope\node_modules\next\dist\server\lib\router-server.js:359:24)
    at async requestHandlerImpl (C:\Coding Projects\MaterialScope\node_modules\next\dist\server\lib\router-server.js:383:13)
    at async Server.requestListener (C:\Coding Projects\MaterialScope\node_modules\next\dist\server\lib\start-server.js:141:13) {
  page: '/'
}
 ⚠ Fast Refresh had to perform a full reload. Read more: https://nextjs.org/docs/messages/fast-refresh-reload
<w> [webpack.cache.PackFileCacheStrategy] Caching failed for pack: Error: ENOENT: no such file or directory, lstat 'C:\Coding Projects\MaterialScope\.next\server\vendor-chunks'
<w> [webpack.cache.PackFileCacheStrategy/webpack.FileSystemInfo] Resolving './vendor-chunks/strip-bom-string' in C:\Coding Projects\MaterialScope\.next\server for build dependencies doesn't lead to expected result 'C:\Coding Projects\MaterialScope\.next\server\vendor-chunks\strip-bom-string.js', but to 'Error: Can't resolve './vendor-chunks/strip-bom-string' in 'C:\Coding Projects\MaterialScope\.next\server'' instead. Resolving dependencies are ignored for this path.
<w>  at resolve commonjs file ./vendor-chunks/strip-bom-string (expected C:\Coding Projects\MaterialScope\.next\server\vendor-chunks\strip-bom-string.js)
<w>  at file dependencies C:\Coding Projects\MaterialScope\.next\server\webpack-runtime.js
<w>  at file C:\Coding Projects\MaterialScope\.next\server\webpack-runtime.js
<w>  at file dependencies C:\Coding Projects\MaterialScope\.next\server\app\(marketing)\page.js
<w>  at file C:\Coding Projects\MaterialScope\.next\server\app\(marketing)\page.js
<w>  at file dependencies C:\Coding Projects\MaterialScope\node_modules\next\dist\server\require.js
<w>  at file C:\Coding Projects\MaterialScope\node_modules\next\dist\server\require.js
<w>  at file dependencies C:\Coding Projects\MaterialScope\node_modules\next\dist\server\load-components.js
<w>  at file C:\Coding Projects\MaterialScope\node_modules\next\dist\server\load-components.js
<w>  at file dependencies C:\Coding Projects\MaterialScope\node_modules\next\dist\build\utils.js
<w>  at file C:\Coding Projects\MaterialScope\node_modules\next\dist\build\utils.js
<w>  at file dependencies C:\Coding Projects\MaterialScope\node_modules\next\dist\build\webpack\loaders\next-route-loader\index.js
<w>  at file C:\Coding Projects\MaterialScope\node_modules\next\dist\build\webpack\loaders\next-route-loader\index.js
<w>  at resolve commonjs C:\Coding Projects\MaterialScope\node_modules\next\dist\build\webpack\loaders\next-route-loader\index.js
<w> [webpack.cache.PackFileCacheStrategy/webpack.FileSystemInfo] Resolving './vendor-chunks/is-extendable' in C:\Coding Projects\MaterialScope\.next\server for build dependencies doesn't lead to expected result 'C:\Coding Projects\MaterialScope\.next\server\vendor-chunks\is-extendable.js', but to 'Error: Can't resolve './vendor-chunks/is-extendable' in 'C:\Coding Projects\MaterialScope\.next\server'' instead. Resolving dependencies are ignored for this path.
<w>  at resolve commonjs file ./vendor-chunks/is-extendable (expected C:\Coding Projects\MaterialScope\.next\server\vendor-chunks\is-extendable.js)
<w>  at file dependencies C:\Coding Projects\MaterialScope\.next\server\webpack-runtime.js
<w>  at file C:\Coding Projects\MaterialScope\.next\server\webpack-runtime.js
<w>  at file dependencies C:\Coding Projects\MaterialScope\.next\server\app\(marketing)\page.js
<w>  at file C:\Coding Projects\MaterialScope\.next\server\app\(marketing)\page.js
<w>  at file dependencies C:\Coding Projects\MaterialScope\node_modules\next\dist\server\require.js
<w>  at file C:\Coding Projects\MaterialScope\node_modules\next\dist\server\require.js
<w>  at file dependencies C:\Coding Projects\MaterialScope\node_modules\next\dist\server\load-components.js
<w>  at file C:\Coding Projects\MaterialScope\node_modules\next\dist\server\load-components.js
<w>  at file dependencies C:\Coding Projects\MaterialScope\node_modules\next\dist\build\utils.js
<w>  at file C:\Coding Projects\MaterialScope\node_modules\next\dist\build\utils.js
<w>  at file dependencies C:\Coding Projects\MaterialScope\node_modules\next\dist\build\webpack\loaders\next-route-loader\index.js
<w>  at file C:\Coding Projects\MaterialScope\node_modules\next\dist\build\webpack\loaders\next-route-loader\index.js
<w>  at resolve commonjs C:\Coding Projects\MaterialScope\node_modules\next\dist\build\webpack\loaders\next-route-loader\index.js
<w> [webpack.cache.PackFileCacheStrategy/webpack.FileSystemInfo] Resolving './vendor-chunks/extend-shallow' in C:\Coding Projects\MaterialScope\.next\server for build dependencies doesn't lead to expected result 'C:\Coding Projects\MaterialScope\.next\server\vendor-chunks\extend-shallow.js', but to 'Error: Can't resolve './vendor-chunks/extend-shallow' in 'C:\Coding Projects\MaterialScope\.next\server'' instead. Resolving dependencies are ignored for this path.
<w>  at resolve commonjs file ./vendor-chunks/extend-shallow (expected C:\Coding Projects\MaterialScope\.next\server\vendor-chunks\extend-shallow.js)
<w>  at file dependencies C:\Coding Projects\MaterialScope\.next\server\webpack-runtime.js
<w>  at file C:\Coding Projects\MaterialScope\.next\server\webpack-runtime.js
<w>  at file dependencies C:\Coding Projects\MaterialScope\.next\server\app\(marketing)\page.js
<w>  at file C:\Coding Projects\MaterialScope\.next\server\app\(marketing)\page.js
<w>  at file dependencies C:\Coding Projects\MaterialScope\node_modules\next\dist\server\require.js
<w>  at file C:\Coding Projects\MaterialScope\node_modules\next\dist\server\require.js
<w>  at file dependencies C:\Coding Projects\MaterialScope\node_modules\next\dist\server\load-components.js
<w>  at file C:\Coding Projects\MaterialScope\node_modules\next\dist\server\load-components.js
<w>  at file dependencies C:\Coding Projects\MaterialScope\node_modules\next\dist\build\utils.js
<w>  at file C:\Coding Projects\MaterialScope\node_modules\next\dist\build\utils.js
<w>  at file dependencies C:\Coding Projects\MaterialScope\node_modules\next\dist\build\webpack\loaders\next-route-loader\index.js
<w>  at file C:\Coding Projects\MaterialScope\node_modules\next\dist\build\webpack\loaders\next-route-loader\index.js
<w>  at resolve commonjs C:\Coding Projects\MaterialScope\node_modules\next\dist\build\webpack\loaders\next-route-loader\index.js
<w> [webpack.cache.PackFileCacheStrategy/webpack.FileSystemInfo] Resolving './vendor-chunks/section-matter' in C:\Coding Projects\MaterialScope\.next\server for build dependencies doesn't lead to expected result 'C:\Coding Projects\MaterialScope\.next\server\vendor-chunks\section-matter.js', but to 'Error: Can't resolve './vendor-chunks/section-matter' in 'C:\Coding Projects\MaterialScope\.next\server'' instead. Resolving dependencies are ignored for this path.
<w>  at resolve commonjs file ./vendor-chunks/section-matter (expected C:\Coding Projects\MaterialScope\.next\server\vendor-chunks\section-matter.js)
<w>  at file dependencies C:\Coding Projects\MaterialScope\.next\server\webpack-runtime.js
<w>  at file C:\Coding Projects\MaterialScope\.next\server\webpack-runtime.js
<w>  at file dependencies C:\Coding Projects\MaterialScope\.next\server\app\(marketing)\page.js
<w>  at file C:\Coding Projects\MaterialScope\.next\server\app\(marketing)\page.js
<w>  at file dependencies C:\Coding Projects\MaterialScope\node_modules\next\dist\server\require.js
<w>  at file C:\Coding Projects\MaterialScope\node_modules\next\dist\server\require.js
<w>  at file dependencies C:\Coding Projects\MaterialScope\node_modules\next\dist\server\load-components.js
<w>  at file C:\Coding Projects\MaterialScope\node_modules\next\dist\server\load-components.js
<w>  at file dependencies C:\Coding Projects\MaterialScope\node_modules\next\dist\build\utils.js
<w>  at file C:\Coding Projects\MaterialScope\node_modules\next\dist\build\utils.js
<w>  at file dependencies C:\Coding Projects\MaterialScope\node_modules\next\dist\build\webpack\loaders\next-route-loader\index.js
<w>  at file C:\Coding Projects\MaterialScope\node_modules\next\dist\build\webpack\loaders\next-route-loader\index.js
<w>  at resolve commonjs C:\Coding Projects\MaterialScope\node_modules\next\dist\build\webpack\loaders\next-route-loader\index.js
 ⨯ Error: Cannot find module './948.js'
Require stack:
- C:\Coding Projects\MaterialScope\.next\server\webpack-runtime.js
- C:\Coding Projects\MaterialScope\.next\server\app\(marketing)\page.js
- C:\Coding Projects\MaterialScope\node_modules\next\dist\server\require.js
- C:\Coding Projects\MaterialScope\node_modules\next\dist\server\load-components.js
- C:\Coding Projects\MaterialScope\node_modules\next\dist\build\utils.js
- C:\Coding Projects\MaterialScope\node_modules\next\dist\server\dev\hot-middleware.js
- C:\Coding Projects\MaterialScope\node_modules\next\dist\server\dev\hot-reloader-webpack.js
- C:\Coding Projects\MaterialScope\node_modules\next\dist\server\lib\router-utils\setup-dev-bundler.js
- C:\Coding Projects\MaterialScope\node_modules\next\dist\server\lib\router-server.js
- C:\Coding Projects\MaterialScope\node_modules\next\dist\server\lib\start-server.js
    at Module.<anonymous> (node:internal/modules/cjs/loader:1517:15)
    at C:\Coding Projects\MaterialScope\node_modules\next\dist\server\require-hook.js:55:36
    at wrapResolveFilename (node:internal/modules/cjs/loader:1071:27)
    at defaultResolveImplForCJSLoading (node:internal/modules/cjs/loader:1095:10)
    at resolveForCJSWithHooks (node:internal/modules/cjs/loader:1122:12)
    at Module._load (node:internal/modules/cjs/loader:1294:5)
    at wrapModuleLoad (node:internal/modules/cjs/loader:255:19)
    at Module.<anonymous> (node:internal/modules/cjs/loader:1617:12)
    at mod.require (C:\Coding Projects\MaterialScope\node_modules\next\dist\server\require-hook.js:65:28)
    at require (node:internal/modules/helpers:153:16)
    at __webpack_require__.f.require (C:\Coding Projects\MaterialScope\.next\server\webpack-runtime.js:267:28)
    at C:\Coding Projects\MaterialScope\.next\server\webpack-runtime.js:180:40
    at Array.reduce (<anonymous>)
    at __webpack_require__.e (C:\Coding Projects\MaterialScope\.next\server\webpack-runtime.js:179:67)
    at Array.map (<anonymous>)
    at __webpack_require__.X (C:\Coding Projects\MaterialScope\.next\server\webpack-runtime.js:231:22)
    at C:\Coding Projects\MaterialScope\.next\server\app\lessons\[slug]\page.js:1:382558
    at Object.<anonymous> (C:\Coding Projects\MaterialScope\.next\server\app\lessons\[slug]\page.js:1:382619)
    at Module._compile (node:internal/modules/cjs/loader:1871:14)
    at Object..js (node:internal/modules/cjs/loader:2002:10)
    at Module.load (node:internal/modules/cjs/loader:1594:32)
    at Module._load (node:internal/modules/cjs/loader:1396:12)
    at wrapModuleLoad (node:internal/modules/cjs/loader:255:19)
    at Module.<anonymous> (node:internal/modules/cjs/loader:1617:12)
    at mod.require (C:\Coding Projects\MaterialScope\node_modules\next\dist\server\require-hook.js:65:28)
    at require (node:internal/modules/helpers:153:16)
    at requirePage (C:\Coding Projects\MaterialScope\node_modules\next\dist\server\require.js:109:84)
    at C:\Coding Projects\MaterialScope\node_modules\next\dist\server\load-components.js:103:84
    at async loadComponentsImpl (C:\Coding Projects\MaterialScope\node_modules\next\dist\server\load-components.js:103:26)
    at async DevServer.findPageComponentsImpl (C:\Coding Projects\MaterialScope\node_modules\next\dist\server\next-server.js:714:36)
    at async DevServer.findPageComponents (C:\Coding Projects\MaterialScope\node_modules\next\dist\server\dev\next-dev-server.js:577:20)
    at async DevServer.renderPageComponent (C:\Coding Projects\MaterialScope\node_modules\next\dist\server\base-server.js:1910:24)
    at async DevServer.renderToResponseImpl (C:\Coding Projects\MaterialScope\node_modules\next\dist\server\base-server.js:1962:32)
    at async DevServer.pipeImpl (C:\Coding Projects\MaterialScope\node_modules\next\dist\server\base-server.js:922:25)
    at async NextNodeServer.handleCatchallRenderRequest (C:\Coding Projects\MaterialScope\node_modules\next\dist\server\next-server.js:272:17)
    at async DevServer.handleRequestImpl (C:\Coding Projects\MaterialScope\node_modules\next\dist\server\base-server.js:818:17)
    at async C:\Coding Projects\MaterialScope\node_modules\next\dist\server\dev\next-dev-server.js:339:20
    at async Span.traceAsyncFn (C:\Coding Projects\MaterialScope\node_modules\next\dist\trace\trace.js:154:20)
    at async DevServer.handleRequest (C:\Coding Projects\MaterialScope\node_modules\next\dist\server\dev\next-dev-server.js:336:24)
    at async invokeRender (C:\Coding Projects\MaterialScope\node_modules\next\dist\server\lib\router-server.js:179:21)
    at async handleRequest (C:\Coding Projects\MaterialScope\node_modules\next\dist\server\lib\router-server.js:359:24)
    at async requestHandlerImpl (C:\Coding Projects\MaterialScope\node_modules\next\dist\server\lib\router-server.js:383:13)
    at async Server.requestListener (C:\Coding Projects\MaterialScope\node_modules\next\dist\server\lib\start-server.js:141:13) {
  code: 'MODULE_NOT_FOUND',
  requireStack: [
    'C:\\Coding Projects\\MaterialScope\\.next\\server\\webpack-runtime.js',
    'C:\\Coding Projects\\MaterialScope\\.next\\server\\app\\(marketing)\\page.js',
    'C:\\Coding Projects\\MaterialScope\\node_modules\\next\\dist\\server\\require.js',
    'C:\\Coding Projects\\MaterialScope\\node_modules\\next\\dist\\server\\load-components.js',
    'C:\\Coding Projects\\MaterialScope\\node_modules\\next\\dist\\build\\utils.js',
    'C:\\Coding Projects\\MaterialScope\\node_modules\\next\\dist\\server\\dev\\hot-middleware.js',
    'C:\\Coding Projects\\MaterialScope\\node_modules\\next\\dist\\server\\dev\\hot-reloader-webpack.js',
    'C:\\Coding Projects\\MaterialScope\\node_modules\\next\\dist\\server\\lib\\router-utils\\setup-dev-bundler.js',
    'C:\\Coding Projects\\MaterialScope\\node_modules\\next\\dist\\server\\lib\\router-server.js',
    'C:\\Coding Projects\\MaterialScope\\node_modules\\next\\dist\\server\\lib\\start-server.js'
  ],
  page: '/lessons/unit-cells'
}
 ⨯ Error: Cannot find module './682.js'
Require stack:
- C:\Coding Projects\MaterialScope\.next\server\webpack-runtime.js
- C:\Coding Projects\MaterialScope\.next\server\app\(marketing)\page.js
- C:\Coding Projects\MaterialScope\node_modules\next\dist\server\require.js
- C:\Coding Projects\MaterialScope\node_modules\next\dist\server\load-components.js
- C:\Coding Projects\MaterialScope\node_modules\next\dist\build\utils.js
- C:\Coding Projects\MaterialScope\node_modules\next\dist\server\dev\hot-middleware.js
- C:\Coding Projects\MaterialScope\node_modules\next\dist\server\dev\hot-reloader-webpack.js
- C:\Coding Projects\MaterialScope\node_modules\next\dist\server\lib\router-utils\setup-dev-bundler.js
- C:\Coding Projects\MaterialScope\node_modules\next\dist\server\lib\router-server.js
- C:\Coding Projects\MaterialScope\node_modules\next\dist\server\lib\start-server.js
    at Module.<anonymous> (node:internal/modules/cjs/loader:1517:15)
    at C:\Coding Projects\MaterialScope\node_modules\next\dist\server\require-hook.js:55:36
    at wrapResolveFilename (node:internal/modules/cjs/loader:1071:27)
    at defaultResolveImplForCJSLoading (node:internal/modules/cjs/loader:1095:10)
    at resolveForCJSWithHooks (node:internal/modules/cjs/loader:1122:12)
    at Module._load (node:internal/modules/cjs/loader:1294:5)
    at wrapModuleLoad (node:internal/modules/cjs/loader:255:19)
    at Module.<anonymous> (node:internal/modules/cjs/loader:1617:12)
    at mod.require (C:\Coding Projects\MaterialScope\node_modules\next\dist\server\require-hook.js:65:28)
    at require (node:internal/modules/helpers:153:16)
    at __webpack_require__.f.require (C:\Coding Projects\MaterialScope\.next\server\webpack-runtime.js:267:28)
    at C:\Coding Projects\MaterialScope\.next\server\webpack-runtime.js:180:40
    at Array.reduce (<anonymous>)
    at __webpack_require__.e (C:\Coding Projects\MaterialScope\.next\server\webpack-runtime.js:179:67)
    at Array.map (<anonymous>)
    at __webpack_require__.X (C:\Coding Projects\MaterialScope\.next\server\webpack-runtime.js:231:22)
    at C:\Coding Projects\MaterialScope\.next\server\pages\_document.js:1:335
    at Object.<anonymous> (C:\Coding Projects\MaterialScope\.next\server\pages\_document.js:1:376)
    at Module._compile (node:internal/modules/cjs/loader:1871:14)
    at Object..js (node:internal/modules/cjs/loader:2002:10)
    at Module.load (node:internal/modules/cjs/loader:1594:32)
    at Module._load (node:internal/modules/cjs/loader:1396:12)
    at wrapModuleLoad (node:internal/modules/cjs/loader:255:19)
    at Module.<anonymous> (node:internal/modules/cjs/loader:1617:12)
    at mod.require (C:\Coding Projects\MaterialScope\node_modules\next\dist\server\require-hook.js:65:28)
    at require (node:internal/modules/helpers:153:16)
    at requirePage (C:\Coding Projects\MaterialScope\node_modules\next\dist\server\require.js:109:84)
    at C:\Coding Projects\MaterialScope\node_modules\next\dist\server\load-components.js:72:65
    at async Promise.all (index 0)
    at async loadComponentsImpl (C:\Coding Projects\MaterialScope\node_modules\next\dist\server\load-components.js:71:33)
    at async DevServer.findPageComponentsImpl (C:\Coding Projects\MaterialScope\node_modules\next\dist\server\next-server.js:714:36) {
  code: 'MODULE_NOT_FOUND',
  requireStack: [
    'C:\\Coding Projects\\MaterialScope\\.next\\server\\webpack-runtime.js',
    'C:\\Coding Projects\\MaterialScope\\.next\\server\\app\\(marketing)\\page.js',
    'C:\\Coding Projects\\MaterialScope\\node_modules\\next\\dist\\server\\require.js',
    'C:\\Coding Projects\\MaterialScope\\node_modules\\next\\dist\\server\\load-components.js',
    'C:\\Coding Projects\\MaterialScope\\node_modules\\next\\dist\\build\\utils.js',
    'C:\\Coding Projects\\MaterialScope\\node_modules\\next\\dist\\server\\dev\\hot-middleware.js',
    'C:\\Coding Projects\\MaterialScope\\node_modules\\next\\dist\\server\\dev\\hot-reloader-webpack.js',
    'C:\\Coding Projects\\MaterialScope\\node_modules\\next\\dist\\server\\lib\\router-utils\\setup-dev-bundler.js',
    'C:\\Coding Projects\\MaterialScope\\node_modules\\next\\dist\\server\\lib\\router-server.js',
    'C:\\Coding Projects\\MaterialScope\\node_modules\\next\\dist\\server\\lib\\start-server.js'
  ]
}
<w> [webpack.cache.PackFileCacheStrategy] Caching failed for pack: Error: ENOENT: no such file or directory, lstat 'C:\Coding Projects\MaterialScope\.next\server\vendor-chunks'
<w> [webpack.cache.PackFileCacheStrategy/webpack.FileSystemInfo] Resolving './vendor-chunks/strip-bom-string' in C:\Coding Projects\MaterialScope\.next\server for build dependencies doesn't lead to expected result 'C:\Coding Projects\MaterialScope\.next\server\vendor-chunks\strip-bom-string.js', but to 'Error: Can't resolve './vendor-chunks/strip-bom-string' in 'C:\Coding Projects\MaterialScope\.next\server'' instead. Resolving dependencies are ignored for this path.
<w>  at resolve commonjs file ./vendor-chunks/strip-bom-string (expected C:\Coding Projects\MaterialScope\.next\server\vendor-chunks\strip-bom-string.js)
<w>  at file dependencies C:\Coding Projects\MaterialScope\.next\server\webpack-runtime.js
<w>  at file C:\Coding Projects\MaterialScope\.next\server\webpack-runtime.js
<w>  at file dependencies C:\Coding Projects\MaterialScope\.next\server\app\(marketing)\page.js
<w>  at file C:\Coding Projects\MaterialScope\.next\server\app\(marketing)\page.js
<w>  at file dependencies C:\Coding Projects\MaterialScope\node_modules\next\dist\server\require.js
<w>  at file C:\Coding Projects\MaterialScope\node_modules\next\dist\server\require.js
<w>  at file dependencies C:\Coding Projects\MaterialScope\node_modules\next\dist\server\load-components.js
<w>  at file C:\Coding Projects\MaterialScope\node_modules\next\dist\server\load-components.js
<w>  at file dependencies C:\Coding Projects\MaterialScope\node_modules\next\dist\build\utils.js
<w>  at file C:\Coding Projects\MaterialScope\node_modules\next\dist\build\utils.js
<w>  at file dependencies C:\Coding Projects\MaterialScope\node_modules\next\dist\build\handle-externals.js
<w>  at file C:\Coding Projects\MaterialScope\node_modules\next\dist\build\handle-externals.js
<w>  at file dependencies C:\Coding Projects\MaterialScope\node_modules\next\dist\build\webpack\loaders\next-swc-loader.js
<w>  at file C:\Coding Projects\MaterialScope\node_modules\next\dist\build\webpack\loaders\next-swc-loader.js
<w>  at resolve commonjs C:\Coding Projects\MaterialScope\node_modules\next\dist\build\webpack\loaders\next-swc-loader.js
<w> [webpack.cache.PackFileCacheStrategy/webpack.FileSystemInfo] Resolving './vendor-chunks/is-extendable' in C:\Coding Projects\MaterialScope\.next\server for build dependencies doesn't lead to expected result 'C:\Coding Projects\MaterialScope\.next\server\vendor-chunks\is-extendable.js', but to 'Error: Can't resolve './vendor-chunks/is-extendable' in 'C:\Coding Projects\MaterialScope\.next\server'' instead. Resolving dependencies are ignored for this path.
<w>  at resolve commonjs file ./vendor-chunks/is-extendable (expected C:\Coding Projects\MaterialScope\.next\server\vendor-chunks\is-extendable.js)
<w>  at file dependencies C:\Coding Projects\MaterialScope\.next\server\webpack-runtime.js
<w>  at file C:\Coding Projects\MaterialScope\.next\server\webpack-runtime.js
<w>  at file dependencies C:\Coding Projects\MaterialScope\.next\server\app\(marketing)\page.js
<w>  at file C:\Coding Projects\MaterialScope\.next\server\app\(marketing)\page.js
<w>  at file dependencies C:\Coding Projects\MaterialScope\node_modules\next\dist\server\require.js
<w>  at file C:\Coding Projects\MaterialScope\node_modules\next\dist\server\require.js
<w>  at file dependencies C:\Coding Projects\MaterialScope\node_modules\next\dist\server\load-components.js
<w>  at file C:\Coding Projects\MaterialScope\node_modules\next\dist\server\load-components.js
<w>  at file dependencies C:\Coding Projects\MaterialScope\node_modules\next\dist\build\utils.js
<w>  at file C:\Coding Projects\MaterialScope\node_modules\next\dist\build\utils.js
<w>  at file dependencies C:\Coding Projects\MaterialScope\node_modules\next\dist\build\handle-externals.js
<w>  at file C:\Coding Projects\MaterialScope\node_modules\next\dist\build\handle-externals.js
<w>  at file dependencies C:\Coding Projects\MaterialScope\node_modules\next\dist\build\webpack\loaders\next-swc-loader.js
<w>  at file C:\Coding Projects\MaterialScope\node_modules\next\dist\build\webpack\loaders\next-swc-loader.js
<w>  at resolve commonjs C:\Coding Projects\MaterialScope\node_modules\next\dist\build\webpack\loaders\next-swc-loader.js
<w> [webpack.cache.PackFileCacheStrategy/webpack.FileSystemInfo] Resolving './vendor-chunks/extend-shallow' in C:\Coding Projects\MaterialScope\.next\server for build dependencies doesn't lead to expected result 'C:\Coding Projects\MaterialScope\.next\server\vendor-chunks\extend-shallow.js', but to 'Error: Can't resolve './vendor-chunks/extend-shallow' in 'C:\Coding Projects\MaterialScope\.next\server'' instead. Resolving dependencies are ignored for this path.
<w>  at resolve commonjs file ./vendor-chunks/extend-shallow (expected C:\Coding Projects\MaterialScope\.next\server\vendor-chunks\extend-shallow.js)
<w>  at file dependencies C:\Coding Projects\MaterialScope\.next\server\webpack-runtime.js
<w>  at file C:\Coding Projects\MaterialScope\.next\server\webpack-runtime.js
<w>  at file dependencies C:\Coding Projects\MaterialScope\.next\server\app\(marketing)\page.js
<w>  at file C:\Coding Projects\MaterialScope\.next\server\app\(marketing)\page.js
<w>  at file dependencies C:\Coding Projects\MaterialScope\node_modules\next\dist\server\require.js
<w>  at file C:\Coding Projects\MaterialScope\node_modules\next\dist\server\require.js
<w>  at file dependencies C:\Coding Projects\MaterialScope\node_modules\next\dist\server\load-components.js
<w>  at file C:\Coding Projects\MaterialScope\node_modules\next\dist\server\load-components.js
<w>  at file dependencies C:\Coding Projects\MaterialScope\node_modules\next\dist\build\utils.js
<w>  at file C:\Coding Projects\MaterialScope\node_modules\next\dist\build\utils.js
<w>  at file dependencies C:\Coding Projects\MaterialScope\node_modules\next\dist\build\handle-externals.js
<w>  at file C:\Coding Projects\MaterialScope\node_modules\next\dist\build\handle-externals.js
<w>  at file dependencies C:\Coding Projects\MaterialScope\node_modules\next\dist\build\webpack\loaders\next-swc-loader.js
<w>  at file C:\Coding Projects\MaterialScope\node_modules\next\dist\build\webpack\loaders\next-swc-loader.js
<w>  at resolve commonjs C:\Coding Projects\MaterialScope\node_modules\next\dist\build\webpack\loaders\next-swc-loader.js
