
> materialscope@0.1.0 dev
> next dev

  ▲ Next.js 14.2.35
  - Local:        http://localhost:3000

 ✓ Starting...
 ✓ Ready in 2.6s
 ○ Compiling / ...
 ✓ Compiled / in 3.2s (676 modules)
 GET / 200 in 3258ms
 GET / 200 in 68ms
 GET / 200 in 47ms
 GET / 200 in 64ms
 ✓ Compiled /courses/[slug] in 464ms (701 modules)
 GET /courses/crystal-structures-and-bonding 200 in 1350ms
 ○ Compiling /lessons/[slug] ...
 ✓ Compiled /lessons/[slug] in 1073ms (850 modules)
 GET /lessons/what-makes-a-material 200 in 1849ms
 GET /lessons/point-defects 200 in 104ms
 ✓ Compiled in 141ms (290 modules)
 GET /lessons/miller-indices-planes 200 in 109ms
